6
-1
[-1,-1;-1,-1]
4
36
12
12
[4,8;12,16]
[4,8;12,16]
1
1
-5
[-4,-8;-12,-16]
