1
2
3
4
5
6
21
1
2
3
5
8
13
21
34
55
89
1
100
4
400
9
900
1
100
4
400
9
900
1
100
4
400
9
900
1
100
4
400
9
900
1
100
4
400
9
900
