0
5
-6
10
11
12
13
14
20
[0,0,0;0,0,0]
[1]
[-6]
[1,2;4,5]
[6,-2,9;1,10,6]
[0,5;-6,0;5,-6]
[695,799;878,1010]
[10,11]
[12;13]
