A =
[1,2,3;4,5,6]
B =
[1,2;3,4;5,6]

A*B =
[22,28;49,64]
