Im happy
Still happy..
Still happy...
Still happy....
Super Happy!
