[-2,-1,0;2,3,4;6,7,8]
[4,5,6;6,7,8;8,9,10]
[-2,-1,0;2,3,4;6,7,8]
[-10,-10,-10;-28,-28,-28;-46,-46,-46]
[10,10,10;28,28,28;46,46,46]
[-10,-10,-10;-28,-28,-28;-46,-46,-46]
