[1,2,3;4,5,6;7,8,9]
[1,2,3;4,5,6]
1
2
3
4
5
6
7
8
9
[2,2,3;4,6,6;7,8,10]
[2,2,3;4,6,6;7,8,10]
[1,2,3;4,5,6;7,8,9]
[0,2,3;4,4,6;7,8,8]
[0,2,3;4,4,6;7,8,8]
[1,2,3;4,5,6;7,8,9]
[1,2,3;4,5,6;7,8,9]
[30,36,42;66,81,96;102,126,150]
[14,32;32,77]
[-1,-2,-3;-4,-5,-6]
[3,6,9;12,15,18]
[1,2,3;4,5,6]
[3,6,9;12,15,18]
[1,2,3;4,5,6]
[-1,-2,-3;-4,-5,-6]
[1,2,3;4,5,6]
[-1,-2,-3;-4,-5,-6]
[1,2,3;4,5,6]
[0,0,0;0,0,0]
[0,0,0;0,0,0]
