-1
5
-8
6
5
5
-3
7
-3
-2
2
-2
[-1,1,3;6,8,10;13,15,17]
[3,3,3;2,2,2;1,1,1]
[-9,-8,-7;-24,-23,-22;-39,-38,-37]
[11,12,13;32,33,34;53,54,55]
[-2,-1,0;2,3,4;6,7,8]
[4,5,6;6,7,8;8,9,10]
[-2,-1,0;2,3,4;6,7,8]
[-10,-10,-10;-28,-28,-28;-46,-46,-46]
[10,10,10;28,28,28;46,46,46]
[-10,-10,-10;-28,-28,-28;-46,-46,-46]
