[-9,-8,-7;-24,-23,-22;-39,-38,-37]
[11,12,13;32,33,34;53,54,55]
