iteration:
0
iteration:
1
iteration:
2
iteration:
3
iteration:
4
-5
