[1,2;3,4]
is it 2?
2
is it [1]?
[1]
is it 2?
2
is it [0]?
[0]
is it [0]?
[0]
