[-8,-10,-12;-16,-20,-24;-24,-30,-36]
-8
-10
-12
-16
-20
-24
-24
-30
-36
