[0,0;0,0;0,0]
[0,0;0,2;0,0]
[2,3;0,0;8,8]
[0,0;0,2;0,0]
16
[0,0;0,9;0,0]
