Should be integer 1
1
Should be integer 0
0
Should be matrix [2]
[2]
Should be integer 3
3
Should be matrix [2]
[2]
Should be integer 0
0
Should be integer 0
0
Should be integer 1
1
